<?xml version="1.0" encoding="utf-8"?><testsuites><testsuite name="pytest" errors="0" failures="0" skipped="0" tests="2" time="1.755" timestamp="2022-11-16T17:04:18.103358" hostname="DESKTOP-NANFC5V"><testcase classname="Tests.test_Partner_Login_API.Test_Partner_Login" name="test_successful_request" time="0.828" /><testcase classname="Tests.test_Partner_Login_API.Test_Partner_Login" name="test_notAuthorized_Request" time="0.815" /></testsuite></testsuites>